// Jest Snapshot v1, https://goo.gl/fbAQLP

exports[`button snapshot 1`] = `
<DocumentFragment>
  <button
    class="button"
    type="button"
  >
    click me
  </button>
</DocumentFragment>
`;
